// Jest Snapshot v1, https://goo.gl/fbAQLP

exports[`<PushNotificationNavigator /> should render PushNotification Navigator components properly 1`] = `null`;

exports[`convertClaimOfferPushPayloadToAppClaimOffer should convert push payload to claim offer format correctly 1`] = `
Object {
  "data": Object {
    "claimDefinitionSchemaSequenceNumber": 12,
    "name": "Profile detail",
    "revealedAttributes": Array [
      Object {
        "data": "Alice",
        "label": "name",
      },
      Object {
        "data": "2000-05-17",
        "label": "date_of_birth",
      },
      Object {
        "data": "175",
        "label": "height",
      },
    ],
    "version": "0.1",
  },
  "issuer": Object {
    "did": "V4SGRU86Z58d6TV7PBUe6f",
    "name": "Test Enterprise",
  },
  "payTokenValue": undefined,
}
`;

exports[`convertClaimPushPayloadToAppClaim should match snapshot 1`] = `
Object {
  "claim": Object {
    "name": Array [
      "Test",
      "12",
    ],
  },
  "claim_offer_id": "7TNw2k5",
  "forDID": "5RHwxmBrGxaEskHcBnLKve",
  "from_did": "3KFuh4jmMC5Agsy5HcCwFB",
  "issuer_did": "V4SGRU86Z58d6TV7PBUe6f",
  "messageId": "7TNw2k5",
  "msg_type": "claim",
  "remoteDid": "3KFuh4jmMC5Agsy5HcCwFB",
  "schema_seq_no": 12,
  "signature": Object {
    "primary_claim": Object {
      "a": "a",
      "e": "e",
      "m2": "m2",
      "v": "v",
    },
  },
  "to_did": "5RHwxmBrGxaEskHcBnLKve",
  "uid": "1",
  "version": "0.1",
}
`;

exports[`convertProofRequestPushPayloadToAppProofRequest should convert push payload to proof request format correctly 1`] = `
Object {
  "data": Object {
    "name": "proof_req_1",
    "requestedAttributes": Array [
      Object {
        "label": "Address 1",
      },
      Object {
        "label": "Address 2",
      },
    ],
    "version": "0.1",
  },
  "originalProofRequestData": Object {
    "name": "proof_req_1",
    "nonce": "123432421212",
    "requested_attributes": Object {
      "attr1_uuid": Object {
        "name": "Address 1",
      },
      "attr2_uuid": Object {
        "name": "Address 2",
      },
    },
    "requested_predicates": Object {},
    "version": "0.1",
  },
  "proofHandle": 1,
  "requester": Object {
    "name": "Evernym",
  },
}
`;
