// Jest Snapshot v1, https://goo.gl/fbAQLP

exports[`<ConnectionTheme /> should render default theme properly 1`] = `
<View
  style={Object {}}
/>
`;
