// Jest Snapshot v1, https://goo.gl/fbAQLP

exports[`<Wallet /> should render Wallet 1`] = `
<View
  style={
    Object {
      "backgroundColor": "#ffffff",
      "flex": 1,
    }
  }
  tertiary={true}
>
  <View />
</View>
`;
