// Jest Snapshot v1, https://goo.gl/fbAQLP

exports[`<WalletSendAmount /> should render properly and match the snapshot 1`] = `
<View
  style={
    Object {
      "alignContent": "center",
      "backgroundColor": "#ffffff",
      "flex": 1,
      "flexDirection": "column",
      "justifyContent": "space-around",
    }
  }
  tertiary={true}
>
  <View
    style={Object {}}
  >
    <View
      style={
        Object {
          "paddingVertical": 8,
        }
      }
      verticalSpace={true}
    >
      <Text
        accessible={true}
        allowFontScaling={false}
        collapsable={undefined}
        ellipsizeMode="tail"
        numberOfLines={1}
        style={
          Object {
            "backgroundColor": "transparent",
            "color": "#EB9B2D",
            "fontFamily": "Lato",
            "fontSize": 54.857142857142854,
            "height": 70,
            "lineHeight": 75,
            "textAlign": "center",
            "transform": Array [
              Object {
                "translateX": 0,
              },
            ],
          }
        }
      >
        0
      </Text>
    </View>
    <Text
      accessible={true}
      allowFontScaling={false}
      ellipsizeMode="tail"
      style={
        Array [
          Object {
            "fontSize": 15,
          },
          Object {
            "fontFamily": "Lato",
          },
          Object {
            "backgroundColor": "#333333",
            "color": "#333333",
          },
          null,
          Object {
            "textAlign": "center",
          },
          Object {
            "backgroundColor": "transparent",
          },
          null,
          null,
          null,
          null,
          null,
          null,
          null,
          null,
        ]
      }
    >
      SOVRIN TOKENS
    </Text>
  </View>
  <View
    style={
      Object {
        "alignItems": "flex-start",
        "marginBottom": 5,
        "marginHorizontal": 32,
      }
    }
  >
    <View
      row={true}
      style={
        Object {
          "flexDirection": "row",
          "height": 36,
          "marginTop": 8,
        }
      }
    >
      <View
        accessibilityComponentType={undefined}
        accessibilityLabel="wallet-keyboard-id-label-1"
        accessibilityTraits={undefined}
        accessible={true}
        center={true}
        hitSlop={undefined}
        nativeID={undefined}
        onLayout={undefined}
        onResponderGrant={[Function]}
        onResponderMove={[Function]}
        onResponderRelease={[Function]}
        onResponderTerminate={[Function]}
        onResponderTerminationRequest={[Function]}
        onStartShouldSetResponder={[Function]}
        style={
          Object {
            "alignItems": "center",
            "flex": 1,
            "justifyContent": "center",
          }
        }
        testID="wallet-keyboard-id-label-1"
      >
        <Text
          accessible={true}
          allowFontScaling={true}
          collapsable={undefined}
          ellipsizeMode="tail"
          style={
            Object {
              "backgroundColor": "transparent",
              "color": "#EB9B2D",
              "fontFamily": "Lato",
              "fontSize": 26,
              "fontWeight": "500",
              "textAlign": "center",
            }
          }
        >
          1
        </Text>
      </View>
      <View
        accessibilityComponentType={undefined}
        accessibilityLabel="wallet-keyboard-id-label-2"
        accessibilityTraits={undefined}
        accessible={true}
        center={true}
        hitSlop={undefined}
        nativeID={undefined}
        onLayout={undefined}
        onResponderGrant={[Function]}
        onResponderMove={[Function]}
        onResponderRelease={[Function]}
        onResponderTerminate={[Function]}
        onResponderTerminationRequest={[Function]}
        onStartShouldSetResponder={[Function]}
        style={
          Object {
            "alignItems": "center",
            "flex": 1,
            "justifyContent": "center",
          }
        }
        testID="wallet-keyboard-id-label-2"
      >
        <Text
          accessible={true}
          allowFontScaling={true}
          collapsable={undefined}
          ellipsizeMode="tail"
          style={
            Object {
              "backgroundColor": "transparent",
              "color": "#EB9B2D",
              "fontFamily": "Lato",
              "fontSize": 26,
              "fontWeight": "500",
              "textAlign": "center",
            }
          }
        >
          2
        </Text>
      </View>
      <View
        accessibilityComponentType={undefined}
        accessibilityLabel="wallet-keyboard-id-label-3"
        accessibilityTraits={undefined}
        accessible={true}
        center={true}
        hitSlop={undefined}
        nativeID={undefined}
        onLayout={undefined}
        onResponderGrant={[Function]}
        onResponderMove={[Function]}
        onResponderRelease={[Function]}
        onResponderTerminate={[Function]}
        onResponderTerminationRequest={[Function]}
        onStartShouldSetResponder={[Function]}
        style={
          Object {
            "alignItems": "center",
            "flex": 1,
            "justifyContent": "center",
          }
        }
        testID="wallet-keyboard-id-label-3"
      >
        <Text
          accessible={true}
          allowFontScaling={true}
          collapsable={undefined}
          ellipsizeMode="tail"
          style={
            Object {
              "backgroundColor": "transparent",
              "color": "#EB9B2D",
              "fontFamily": "Lato",
              "fontSize": 26,
              "fontWeight": "500",
              "textAlign": "center",
            }
          }
        >
          3
        </Text>
      </View>
    </View>
    <View
      row={true}
      style={
        Object {
          "flexDirection": "row",
          "height": 36,
          "marginTop": 15,
        }
      }
    >
      <View
        accessibilityComponentType={undefined}
        accessibilityLabel="wallet-keyboard-id-label-4"
        accessibilityTraits={undefined}
        accessible={true}
        center={true}
        hitSlop={undefined}
        nativeID={undefined}
        onLayout={undefined}
        onResponderGrant={[Function]}
        onResponderMove={[Function]}
        onResponderRelease={[Function]}
        onResponderTerminate={[Function]}
        onResponderTerminationRequest={[Function]}
        onStartShouldSetResponder={[Function]}
        style={
          Object {
            "alignItems": "center",
            "flex": 1,
            "justifyContent": "center",
          }
        }
        testID="wallet-keyboard-id-label-4"
      >
        <Text
          accessible={true}
          allowFontScaling={true}
          collapsable={undefined}
          ellipsizeMode="tail"
          style={
            Object {
              "backgroundColor": "transparent",
              "color": "#EB9B2D",
              "fontFamily": "Lato",
              "fontSize": 26,
              "fontWeight": "500",
              "textAlign": "center",
            }
          }
        >
          4
        </Text>
      </View>
      <View
        accessibilityComponentType={undefined}
        accessibilityLabel="wallet-keyboard-id-label-5"
        accessibilityTraits={undefined}
        accessible={true}
        center={true}
        hitSlop={undefined}
        nativeID={undefined}
        onLayout={undefined}
        onResponderGrant={[Function]}
        onResponderMove={[Function]}
        onResponderRelease={[Function]}
        onResponderTerminate={[Function]}
        onResponderTerminationRequest={[Function]}
        onStartShouldSetResponder={[Function]}
        style={
          Object {
            "alignItems": "center",
            "flex": 1,
            "justifyContent": "center",
          }
        }
        testID="wallet-keyboard-id-label-5"
      >
        <Text
          accessible={true}
          allowFontScaling={true}
          collapsable={undefined}
          ellipsizeMode="tail"
          style={
            Object {
              "backgroundColor": "transparent",
              "color": "#EB9B2D",
              "fontFamily": "Lato",
              "fontSize": 26,
              "fontWeight": "500",
              "textAlign": "center",
            }
          }
        >
          5
        </Text>
      </View>
      <View
        accessibilityComponentType={undefined}
        accessibilityLabel="wallet-keyboard-id-label-6"
        accessibilityTraits={undefined}
        accessible={true}
        center={true}
        hitSlop={undefined}
        nativeID={undefined}
        onLayout={undefined}
        onResponderGrant={[Function]}
        onResponderMove={[Function]}
        onResponderRelease={[Function]}
        onResponderTerminate={[Function]}
        onResponderTerminationRequest={[Function]}
        onStartShouldSetResponder={[Function]}
        style={
          Object {
            "alignItems": "center",
            "flex": 1,
            "justifyContent": "center",
          }
        }
        testID="wallet-keyboard-id-label-6"
      >
        <Text
          accessible={true}
          allowFontScaling={true}
          collapsable={undefined}
          ellipsizeMode="tail"
          style={
            Object {
              "backgroundColor": "transparent",
              "color": "#EB9B2D",
              "fontFamily": "Lato",
              "fontSize": 26,
              "fontWeight": "500",
              "textAlign": "center",
            }
          }
        >
          6
        </Text>
      </View>
    </View>
    <View
      row={true}
      style={
        Object {
          "flexDirection": "row",
          "height": 36,
          "marginTop": 15,
        }
      }
    >
      <View
        accessibilityComponentType={undefined}
        accessibilityLabel="wallet-keyboard-id-label-7"
        accessibilityTraits={undefined}
        accessible={true}
        center={true}
        hitSlop={undefined}
        nativeID={undefined}
        onLayout={undefined}
        onResponderGrant={[Function]}
        onResponderMove={[Function]}
        onResponderRelease={[Function]}
        onResponderTerminate={[Function]}
        onResponderTerminationRequest={[Function]}
        onStartShouldSetResponder={[Function]}
        style={
          Object {
            "alignItems": "center",
            "flex": 1,
            "justifyContent": "center",
          }
        }
        testID="wallet-keyboard-id-label-7"
      >
        <Text
          accessible={true}
          allowFontScaling={true}
          collapsable={undefined}
          ellipsizeMode="tail"
          style={
            Object {
              "backgroundColor": "transparent",
              "color": "#EB9B2D",
              "fontFamily": "Lato",
              "fontSize": 26,
              "fontWeight": "500",
              "textAlign": "center",
            }
          }
        >
          7
        </Text>
      </View>
      <View
        accessibilityComponentType={undefined}
        accessibilityLabel="wallet-keyboard-id-label-8"
        accessibilityTraits={undefined}
        accessible={true}
        center={true}
        hitSlop={undefined}
        nativeID={undefined}
        onLayout={undefined}
        onResponderGrant={[Function]}
        onResponderMove={[Function]}
        onResponderRelease={[Function]}
        onResponderTerminate={[Function]}
        onResponderTerminationRequest={[Function]}
        onStartShouldSetResponder={[Function]}
        style={
          Object {
            "alignItems": "center",
            "flex": 1,
            "justifyContent": "center",
          }
        }
        testID="wallet-keyboard-id-label-8"
      >
        <Text
          accessible={true}
          allowFontScaling={true}
          collapsable={undefined}
          ellipsizeMode="tail"
          style={
            Object {
              "backgroundColor": "transparent",
              "color": "#EB9B2D",
              "fontFamily": "Lato",
              "fontSize": 26,
              "fontWeight": "500",
              "textAlign": "center",
            }
          }
        >
          8
        </Text>
      </View>
      <View
        accessibilityComponentType={undefined}
        accessibilityLabel="wallet-keyboard-id-label-9"
        accessibilityTraits={undefined}
        accessible={true}
        center={true}
        hitSlop={undefined}
        nativeID={undefined}
        onLayout={undefined}
        onResponderGrant={[Function]}
        onResponderMove={[Function]}
        onResponderRelease={[Function]}
        onResponderTerminate={[Function]}
        onResponderTerminationRequest={[Function]}
        onStartShouldSetResponder={[Function]}
        style={
          Object {
            "alignItems": "center",
            "flex": 1,
            "justifyContent": "center",
          }
        }
        testID="wallet-keyboard-id-label-9"
      >
        <Text
          accessible={true}
          allowFontScaling={true}
          collapsable={undefined}
          ellipsizeMode="tail"
          style={
            Object {
              "backgroundColor": "transparent",
              "color": "#EB9B2D",
              "fontFamily": "Lato",
              "fontSize": 26,
              "fontWeight": "500",
              "textAlign": "center",
            }
          }
        >
          9
        </Text>
      </View>
    </View>
    <View
      row={true}
      style={
        Object {
          "flexDirection": "row",
          "height": 36,
          "marginTop": 15,
        }
      }
    >
      <View
        accessibilityComponentType={undefined}
        accessibilityLabel="wallet-keyboard-id-label-."
        accessibilityTraits={undefined}
        accessible={true}
        center={true}
        hitSlop={undefined}
        nativeID={undefined}
        onLayout={undefined}
        onResponderGrant={[Function]}
        onResponderMove={[Function]}
        onResponderRelease={[Function]}
        onResponderTerminate={[Function]}
        onResponderTerminationRequest={[Function]}
        onStartShouldSetResponder={[Function]}
        style={
          Object {
            "alignItems": "center",
            "flex": 1,
            "justifyContent": "center",
          }
        }
        testID="wallet-keyboard-id-label-."
      >
        <Text
          accessible={true}
          allowFontScaling={true}
          collapsable={undefined}
          ellipsizeMode="tail"
          style={
            Object {
              "backgroundColor": "transparent",
              "color": "#EB9B2D",
              "fontFamily": "Lato",
              "fontSize": 26,
              "fontWeight": "500",
              "textAlign": "center",
            }
          }
        >
          .
        </Text>
      </View>
      <View
        accessibilityComponentType={undefined}
        accessibilityLabel="wallet-keyboard-id-label-0"
        accessibilityTraits={undefined}
        accessible={true}
        center={true}
        hitSlop={undefined}
        nativeID={undefined}
        onLayout={undefined}
        onResponderGrant={[Function]}
        onResponderMove={[Function]}
        onResponderRelease={[Function]}
        onResponderTerminate={[Function]}
        onResponderTerminationRequest={[Function]}
        onStartShouldSetResponder={[Function]}
        style={
          Object {
            "alignItems": "center",
            "flex": 1,
            "justifyContent": "center",
          }
        }
        testID="wallet-keyboard-id-label-0"
      >
        <Text
          accessible={true}
          allowFontScaling={true}
          collapsable={undefined}
          ellipsizeMode="tail"
          style={
            Object {
              "backgroundColor": "transparent",
              "color": "#EB9B2D",
              "fontFamily": "Lato",
              "fontSize": 26,
              "fontWeight": "500",
              "textAlign": "center",
            }
          }
        >
          0
        </Text>
      </View>
      <View
        accessibilityComponentType={undefined}
        accessibilityLabel="wallet-keyboard-id-label-back-space-touchable"
        accessibilityTraits={undefined}
        accessible={false}
        center={true}
        hitSlop={
          Object {
            "bottom": 20,
            "left": 20,
            "right": 20,
            "top": 20,
          }
        }
        nativeID={undefined}
        onLayout={undefined}
        onResponderGrant={[Function]}
        onResponderMove={[Function]}
        onResponderRelease={[Function]}
        onResponderTerminate={[Function]}
        onResponderTerminationRequest={[Function]}
        onStartShouldSetResponder={[Function]}
        style={
          Object {
            "alignItems": "center",
            "flex": 1,
            "justifyContent": "center",
          }
        }
        testID="wallet-keyboard-id-label-back-space-touchable"
      >
        <Text
          accessible={true}
          allowFontScaling={true}
          collapsable={undefined}
          ellipsizeMode="tail"
          style={
            Object {
              "backgroundColor": "transparent",
              "color": "#EB9B2D",
              "fontFamily": "Lato",
              "fontSize": 26,
              "fontWeight": "500",
              "textAlign": "center",
            }
          }
        >
          &lt;
        </Text>
      </View>
    </View>
  </View>
  <RCTSafeAreaView
    safeArea={true}
    style={
      Object {
        "marginBottom": 6,
        "marginHorizontal": "5%",
      }
    }
  >
    <View
      style={
        Array [
          Object {
            "marginLeft": 15,
            "marginRight": 15,
          },
          undefined,
          Object {
            "marginLeft": 0,
            "marginRight": 0,
          },
          undefined,
        ]
      }
    >
      <View
        accessibilityComponentType={undefined}
        accessibilityLabel="wallet-send-token-button"
        accessibilityTraits={undefined}
        accessible={true}
        hasTVPreferredFocus={undefined}
        hitSlop={undefined}
        isTVSelectable={true}
        nativeID={undefined}
        onLayout={undefined}
        onResponderGrant={[Function]}
        onResponderMove={[Function]}
        onResponderRelease={[Function]}
        onResponderTerminate={[Function]}
        onResponderTerminationRequest={[Function]}
        onStartShouldSetResponder={[Function]}
        style={
          Array [
            Object {
              "backgroundColor": "transparent",
            },
            Array [
              Object {
                "backgroundColor": "rgba(237, 156, 46, 1)",
                "borderRadius": 5,
                "flex": -1,
                "height": 43,
              },
            ],
          ]
        }
        testID="wallet-send-token-button"
        tvParallaxProperties={undefined}
      >
        <View
          pointerEvents="box-only"
          style={
            Array [
              Object {
                "alignItems": "center",
                "backgroundColor": "#9E9E9E",
                "flexDirection": "row",
                "justifyContent": "center",
                "padding": 19,
              },
              undefined,
              undefined,
              undefined,
              undefined,
              undefined,
              Object {
                "backgroundColor": "rgba(237, 156, 46, 1)",
              },
              undefined,
              Object {
                "padding": 12,
              },
              undefined,
              undefined,
              undefined,
              Array [
                null,
                Object {
                  "backgroundColor": "rgba(237, 156, 46, 1)",
                  "borderRadius": 5,
                  "flex": -1,
                  "height": 43,
                },
              ],
              Object {
                "backgroundColor": "#dadee0",
              },
              Array [
                Object {
                  "backgroundColor": "rgba(237, 156, 46, 1)",
                },
                Object {
                  "opacity": 0.4,
                },
              ],
            ]
          }
        >
          <Text
            accessible={true}
            allowFontScaling={true}
            ellipsizeMode="tail"
            style={
              Array [
                Object {},
                undefined,
                undefined,
                undefined,
                undefined,
                undefined,
                undefined,
                undefined,
                undefined,
                undefined,
                Array [
                  Object {
                    "color": "white",
                    "fontSize": 16,
                  },
                  Object {
                    "color": "#ffffff",
                  },
                  Object {
                    "fontSize": 14,
                  },
                  undefined,
                  undefined,
                  undefined,
                  undefined,
                  undefined,
                ],
              ]
            }
          >
            Select Recipient
          </Text>
        </View>
      </View>
    </View>
  </RCTSafeAreaView>
</View>
`;
