// Jest Snapshot v1, https://goo.gl/fbAQLP

exports[`<WalletTabs /> should render properly and match the snapshot 1`] = `<View />`;
