// Jest Snapshot v1, https://goo.gl/fbAQLP

exports[`Restore screen should render properly and match the snapshot 1`] = `
<RCTSafeAreaView
  accessibilityLabel="restore-container"
  accessible={true}
  safeArea={true}
  style={
    Object {
      "backgroundColor": "#d0021b",
      "flex": 1,
    }
  }
  testID="restore-container"
>
  <Image
    source={1}
    style={
      Array [
        Object {
          "left": 0,
          "position": "absolute",
          "resizeMode": "stretch",
          "right": 0,
          "top": "20%",
          "width": "100%",
        },
      ]
    }
  />
  <View
    accessibilityLabel="restore-innercontainer"
    accessible={true}
    style={
      Object {
        "flex": 1,
      }
    }
    testID="restore-innercontainer"
  >
    <View
      center={true}
      style={
        Object {
          "alignItems": "center",
          "justifyContent": "center",
        }
      }
    >
      <Image
        source={1}
        style={
          Array [
            Object {
              "marginTop": "5%",
              "zIndex": -1,
            },
          ]
        }
      />
    </View>
    <View
      center={true}
      pad={true}
      style={
        Object {
          "alignItems": "center",
          "justifyContent": "center",
          "paddingHorizontal": 15,
          "paddingVertical": 8,
        }
      }
    >
      <Text
        accessible={true}
        allowFontScaling={false}
        ellipsizeMode="tail"
        style={
          Array [
            Object {
              "fontSize": 18,
            },
            Object {
              "fontFamily": "Lato",
            },
            Object {
              "backgroundColor": "#333333",
              "color": "#ffffff",
            },
            Object {
              "fontWeight": "500",
            },
            Object {
              "textAlign": "center",
            },
            Object {
              "backgroundColor": "transparent",
            },
            null,
            null,
            null,
            null,
            null,
            null,
            null,
            null,
            Object {
              "color": "#ffffff",
            },
          ]
        }
      >
        There was a problem exporting your Connect.Me backup file. Please try again.
      </Text>
    </View>
  </View>
  <View
    pad={true}
    style={
      Object {
        "flex": 1,
        "justifyContent": "flex-end",
        "paddingHorizontal": 15,
        "paddingVertical": 8,
      }
    }
  >
    <View
      pad={true}
      style={
        Object {
          "paddingHorizontal": 15,
          "paddingVertical": 8,
        }
      }
    >
      <View
        style={
          Array [
            Object {
              "marginLeft": 15,
              "marginRight": 15,
            },
            undefined,
            Object {
              "marginLeft": 0,
              "marginRight": 0,
            },
            undefined,
          ]
        }
      >
        <View
          accessibilityComponentType={undefined}
          accessibilityLabel="try-again"
          accessibilityTraits={undefined}
          accessible={true}
          hasTVPreferredFocus={undefined}
          hitSlop={undefined}
          isTVSelectable={true}
          nativeID={undefined}
          onLayout={undefined}
          onResponderGrant={[Function]}
          onResponderMove={[Function]}
          onResponderRelease={[Function]}
          onResponderTerminate={[Function]}
          onResponderTerminationRequest={[Function]}
          onStartShouldSetResponder={[Function]}
          style={
            Array [
              Object {
                "backgroundColor": "transparent",
              },
              Array [
                Object {
                  "borderRadius": 5,
                  "height": 43,
                  "marginTop": 10,
                  "width": "100%",
                },
                Object {
                  "elevation": 4,
                  "shadowColor": "#777777",
                  "shadowOffset": Object {
                    "height": 5,
                    "width": 0,
                  },
                  "shadowOpacity": 0.3,
                  "shadowRadius": 5,
                },
              ],
            ]
          }
          testID="try-again"
          tvParallaxProperties={undefined}
        >
          <View
            pointerEvents="box-only"
            style={
              Array [
                Object {
                  "alignItems": "center",
                  "backgroundColor": "#9E9E9E",
                  "flexDirection": "row",
                  "justifyContent": "center",
                  "padding": 19,
                },
                undefined,
                undefined,
                undefined,
                undefined,
                undefined,
                Object {
                  "backgroundColor": "#ffffff",
                },
                undefined,
                Object {
                  "padding": 12,
                },
                undefined,
                undefined,
                undefined,
                Array [
                  null,
                  Object {
                    "borderRadius": 5,
                    "height": 43,
                    "marginTop": 10,
                    "width": "100%",
                  },
                  Object {
                    "elevation": 4,
                    "shadowColor": "#777777",
                    "shadowOffset": Object {
                      "height": 5,
                      "width": 0,
                    },
                    "shadowOpacity": 0.3,
                    "shadowRadius": 5,
                  },
                ],
                undefined,
                undefined,
              ]
            }
          >
            <Text
              accessible={true}
              allowFontScaling={true}
              ellipsizeMode="tail"
              style={
                Array [
                  Object {},
                  undefined,
                  undefined,
                  undefined,
                  undefined,
                  undefined,
                  undefined,
                  undefined,
                  undefined,
                  undefined,
                  Array [
                    Object {
                      "color": "white",
                      "fontSize": 16,
                    },
                    Object {
                      "color": "#d0021b",
                    },
                    Object {
                      "fontSize": 14,
                    },
                    undefined,
                    undefined,
                    Object {
                      "fontWeight": "600",
                    },
                    undefined,
                    undefined,
                  ],
                ]
              }
            >
              Try Again
            </Text>
          </View>
        </View>
      </View>
    </View>
  </View>
</RCTSafeAreaView>
`;
