// Jest Snapshot v1, https://goo.gl/fbAQLP

exports[`<VerifyRecoveryPhrase /> should match snapshot 1`] = `
<RCTSafeAreaView
  accessibilityComponentType={undefined}
  accessibilityLabel="verify-passphrase-container-container-touchable"
  accessibilityTraits={undefined}
  accessible={false}
  hitSlop={
    Object {
      "bottom": 20,
      "left": 20,
      "right": 20,
      "top": 20,
    }
  }
  nativeID={undefined}
  onLayout={undefined}
  onResponderGrant={[Function]}
  onResponderMove={[Function]}
  onResponderRelease={[Function]}
  onResponderTerminate={[Function]}
  onResponderTerminationRequest={[Function]}
  onStartShouldSetResponder={[Function]}
  safeArea={true}
  style={
    Object {
      "backgroundColor": "#86B93B",
      "flex": 1,
    }
  }
  testID="verify-passphrase-container-container-touchable"
>
  <Image
    source={1}
    style={
      Array [
        Object {
          "flex": 1,
          "position": "absolute",
        },
      ]
    }
  />
  <RCTScrollView
    automaticallyAdjustContentInsets={false}
    contentContainerStyle={undefined}
    contentInset={
      Object {
        "bottom": 0,
      }
    }
    enableAutomaticScroll={true}
    enableResetScrollToCoords={true}
    extraHeight={50}
    extraScrollHeight={0}
    getScrollResponder={[Function]}
    handleOnScroll={[Function]}
    keyboardDismissMode="interactive"
    keyboardOpeningTime={250}
    keyboardSpace={0}
    onScroll={[Function]}
    resetKeyboardSpace={[Function]}
    scrollEventThrottle={1}
    scrollForExtraHeightOnAndroid={[Function]}
    scrollToEnd={[Function]}
    scrollToFocusedInput={[Function]}
    scrollToPosition={[Function]}
    showsVerticalScrollIndicator={true}
    viewIsInsideTabBar={false}
  >
    <View>
      <View
        accessibilityLabel="verify-passphrase-container-inputbox"
        accessible={true}
        style={
          Object {
            "flex": 1,
          }
        }
        testID="verify-passphrase-container-inputbox"
      >
        <View
          center={true}
          style={
            Object {
              "alignItems": "center",
              "justifyContent": "center",
            }
          }
        >
          <Text
            accessible={true}
            allowFontScaling={false}
            ellipsizeMode="tail"
            style={
              Array [
                Object {
                  "fontSize": 17,
                },
                Object {
                  "fontFamily": "Lato",
                },
                Object {
                  "backgroundColor": "#333333",
                  "color": "#ffffff",
                },
                null,
                Object {
                  "textAlign": "center",
                },
                Object {
                  "backgroundColor": "transparent",
                },
                null,
                null,
                null,
                null,
                null,
                null,
                null,
                null,
                Object {
                  "fontSize": 22,
                  "fontWeight": "600",
                  "lineHeight": 27,
                  "marginBottom": 20,
                  "width": "100%",
                },
              ]
            }
          >
            Verify your Recovery Phrase
          </Text>
        </View>
        <View
          center={true}
          style={
            Object {
              "alignItems": "center",
              "justifyContent": "center",
            }
          }
        >
          <Text
            accessible={true}
            allowFontScaling={false}
            ellipsizeMode="tail"
            style={
              Array [
                Object {
                  "fontSize": 17,
                },
                Object {
                  "fontFamily": "Lato",
                },
                Object {
                  "backgroundColor": "#333333",
                  "color": "#ffffff",
                },
                null,
                Object {
                  "textAlign": "center",
                },
                Object {
                  "backgroundColor": "transparent",
                },
                null,
                null,
                null,
                null,
                null,
                null,
                null,
                null,
                Object {
                  "fontSize": 18,
                  "fontWeight": "500",
                  "lineHeight": 22,
                  "marginBottom": 20,
                  "marginTop": 20,
                  "paddingHorizontal": 20,
                },
              ]
            }
          >
            To verify that you have copied down your recovery phrase correctly, please enter it below.
          </Text>
        </View>
        <TextInput
          accessibilityLabel="verify-passphrase-container-text-input"
          accessible={true}
          autoCapitalize="none"
          autoCorrect={false}
          autoFocus={true}
          clearButtonMode="always"
          multiline={true}
          numberOfLines={1}
          onSubmitEditing={[Function]}
          placeholder="Enter recovery phrase here"
          placeholderTextColor="white"
          returnKeyLabel="done"
          returnKeyType="done"
          style={
            Array [
              Object {
                "backgroundColor": "rgba(0,0,0,0.33)",
                "color": "white",
                "fontSize": 20,
                "fontStyle": "italic",
                "height": 137,
                "marginBottom": 24,
                "marginLeft": 20,
                "marginRight": 20,
                "padding": 10,
                "textAlignVertical": "top",
              },
            ]
          }
          testID="verify-passphrase-container-text-input"
          underlineColorAndroid="transparent"
        />
      </View>
    </View>
  </RCTScrollView>
</RCTSafeAreaView>
`;
