// Jest Snapshot v1, https://goo.gl/fbAQLP

exports[`<ConnectionHistory /> should ConnectionHistory render properly 1`] = `
<View
  fifth={true}
  style={
    Object {
      "backgroundColor": "#ffffff",
      "flex": 1,
    }
  }
>
  <View
    style={
      Object {
        "backgroundColor": "rgba(119, 119, 119, 1.0)",
      }
    }
  >
    <RCTSafeAreaView
      style={Object {}}
    >
      <View
        fifth={true}
        style={
          Object {
            "backgroundColor": "transparent",
            "marginBottom": -10,
            "paddingTop": 30,
            "shadowColor": "#777777",
            "shadowOffset": Object {
              "height": 20,
              "width": 0,
            },
            "shadowOpacity": 0.2,
            "shadowRadius": 10,
            "zIndex": 4,
          }
        }
      >
        <View
          fifth={true}
          hCenter={true}
          style={
            Object {
              "backgroundColor": "transparent",
              "height": 90,
              "justifyContent": "center",
            }
          }
        >
          <View
            absolute="TopRight"
            accessibilityComponentType={undefined}
            accessibilityLabel="connection-history-icon-close-touchable"
            accessibilityTraits={undefined}
            accessible={false}
            clearBg={true}
            hitSlop={
              Object {
                "bottom": 30,
                "left": 30,
                "right": 30,
                "top": 30,
              }
            }
            iconStyle={
              Array [
                Object {
                  "marginRight": 15,
                },
              ]
            }
            nativeID={undefined}
            onLayout={undefined}
            onResponderGrant={[Function]}
            onResponderMove={[Function]}
            onResponderRelease={[Function]}
            onResponderTerminate={[Function]}
            onResponderTerminationRequest={[Function]}
            onStartShouldSetResponder={[Function]}
            small={true}
            src={1}
            style={
              Object {
                "backgroundColor": "transparent",
                "position": "absolute",
                "right": 0,
                "top": 0,
                "zIndex": 2,
              }
            }
            testID="connection-history-icon-close-touchable"
          >
            <View
              style={Object {}}
            >
              <Image
                accessibilityLabel="connection-history-icon-close"
                accessible={true}
                resizeMode="contain"
                source={1}
                style={
                  Array [
                    Object {
                      "height": 20,
                      "width": 20,
                    },
                    null,
                    Object {
                      "marginRight": 15,
                    },
                  ]
                }
                testID="connection-history-icon-close"
              />
            </View>
          </View>
          <View
            accessibilityComponentType={undefined}
            accessibilityLabel="connection-history-issuer-logo-touchable"
            accessibilityTraits={undefined}
            accessible={false}
            backgroundRoundWhite={true}
            center={true}
            clearBg={true}
            extraLarge={true}
            halo={true}
            hitSlop={
              Object {
                "bottom": 20,
                "left": 20,
                "right": 20,
                "top": 20,
              }
            }
            iconStyle={
              Array [
                Object {
                  "borderRadius": 40,
                },
              ]
            }
            nativeID={undefined}
            onLayout={undefined}
            onResponderGrant={[Function]}
            onResponderMove={[Function]}
            onResponderRelease={[Function]}
            onResponderTerminate={[Function]}
            onResponderTerminationRequest={[Function]}
            onStartShouldSetResponder={[Function]}
            resizeMode="cover"
            src={
              Object {
                "uri": "https://test.com/image.png",
              }
            }
            style={
              Object {
                "alignItems": "center",
                "alignSelf": "center",
                "backgroundColor": "transparent",
                "bottom": 0,
                "justifyContent": "center",
                "left": 0,
                "position": "absolute",
                "right": 0,
                "top": 0,
                "zIndex": 1,
              }
            }
            testID="connection-history-issuer-logo-touchable"
          >
            <View
              center={true}
              style={
                Object {
                  "alignItems": "center",
                  "backgroundColor": "rgba(0,0,0,0.07)",
                  "borderRadius": 50,
                  "height": 100,
                  "justifyContent": "center",
                  "width": 100,
                }
              }
            >
              <View
                style={
                  Array [
                    Object {
                      "backgroundColor": "#ffffff",
                    },
                    Object {
                      "borderRadius": 40,
                    },
                  ]
                }
              >
                <Image
                  accessibilityLabel="connection-history-issuer-logo"
                  accessible={true}
                  resizeMode="cover"
                  source={
                    Object {
                      "uri": "https://test.com/image.png",
                    }
                  }
                  style={
                    Array [
                      Object {
                        "height": 80,
                        "width": 80,
                      },
                      Object {
                        "borderRadius": 40,
                      },
                      Object {
                        "borderRadius": 40,
                      },
                    ]
                  }
                  testID="connection-history-issuer-logo"
                />
              </View>
            </View>
          </View>
          <View
            absolute="TopLeft"
            accessibilityComponentType={undefined}
            accessibilityLabel="connection-history-icon-delete-touchable"
            accessibilityTraits={undefined}
            accessible={false}
            clearBg={true}
            hitSlop={
              Object {
                "bottom": 30,
                "left": 30,
                "right": 30,
                "top": 30,
              }
            }
            iconStyle={
              Array [
                Object {
                  "marginLeft": 15,
                },
              ]
            }
            nativeID={undefined}
            onLayout={undefined}
            onResponderGrant={[Function]}
            onResponderMove={[Function]}
            onResponderRelease={[Function]}
            onResponderTerminate={[Function]}
            onResponderTerminationRequest={[Function]}
            onStartShouldSetResponder={[Function]}
            resizeMode="contain"
            small={true}
            src={1}
            style={
              Object {
                "backgroundColor": "transparent",
                "left": 0,
                "position": "absolute",
                "top": 0,
                "zIndex": 2,
              }
            }
            testID="connection-history-icon-delete-touchable"
          >
            <View
              style={Object {}}
            >
              <Image
                accessibilityLabel="connection-history-icon-delete"
                accessible={true}
                resizeMode="contain"
                source={1}
                style={
                  Array [
                    Object {
                      "height": 20,
                      "width": 20,
                    },
                    null,
                    Object {
                      "marginLeft": 15,
                    },
                  ]
                }
                testID="connection-history-icon-delete"
              />
            </View>
          </View>
        </View>
        <View
          center={true}
          fifth={true}
          style={
            Object {
              "alignItems": "center",
              "backgroundColor": "transparent",
              "justifyContent": "center",
              "marginBottom": 15,
              "marginHorizontal": 10,
              "marginTop": 5,
              "paddingBottom": 0,
            }
          }
        >
          <Text
            accessible={true}
            allowFontScaling={false}
            ellipsizeMode="tail"
            style={
              Array [
                Object {
                  "fontSize": 17,
                },
                Object {
                  "fontFamily": "Lato",
                },
                Object {
                  "backgroundColor": "#ffffff",
                  "color": "#777777",
                },
                Object {
                  "fontWeight": "600",
                },
                Object {
                  "textAlign": "center",
                },
                null,
                null,
                null,
                null,
                null,
                null,
                null,
                null,
                null,
                Array [
                  Object {
                    "color": "#ffffff",
                    "marginTop": 5,
                  },
                  Object {
                    "backgroundColor": "transparent",
                  },
                ],
              ]
            }
          >
            Evernym
          </Text>
        </View>
      </View>
    </RCTSafeAreaView>
  </View>
  <RCTScrollView>
    <View>
      <View
        style={
          Array [
            Object {
              "backgroundColor": "#ffffff",
              "borderColor": "#bbb",
              "borderTopWidth": 1,
              "marginTop": 20,
            },
            Object {
              "borderBottomWidth": 0,
              "marginTop": 0,
            },
          ]
        }
      >
        <View
          style={Object {}}
        >
          <Text
            accessible={true}
            allowFontScaling={false}
            ellipsizeMode="tail"
            style={
              Array [
                Object {
                  "fontSize": 20,
                },
                Object {
                  "fontFamily": "Lato",
                },
                Object {
                  "backgroundColor": "#f0f0f0",
                  "color": "#333333",
                },
                Object {
                  "fontWeight": "600",
                },
                null,
                null,
                null,
                null,
                null,
                null,
                null,
                null,
                null,
                null,
                Object {
                  "paddingLeft": 15,
                  "paddingVertical": 10,
                },
              ]
            }
          >
            September 2017
          </Text>
          <View
            avatar={
              <CustomView
                center={true}
              >
                <Icon
                  iconStyle={
                    Array [
                      Object {
                        "tintColor": "rgba(119, 119, 119, 1.0)",
                      },
                    ]
                  }
                  small={true}
                  src={1}
                />
              </CustomView>
            }
            disabled={false}
            onLongPress={undefined}
            onPress={undefined}
            style={
              Array [
                Object {
                  "backgroundColor": "transparent",
                  "borderBottomColor": "#bbb",
                  "borderBottomWidth": 1,
                  "paddingBottom": 10,
                  "paddingRight": 10,
                  "paddingTop": 10,
                },
                Object {
                  "borderBottomWidth": 1,
                },
                false,
                false,
              ]
            }
            underlayColor="white"
          >
            <View
              style={
                Array [
                  Object {
                    "alignItems": "center",
                    "flexDirection": "row",
                    "marginLeft": 10,
                  },
                  undefined,
                ]
              }
            >
              <View
                center={true}
                style={
                  Object {
                    "alignItems": "center",
                    "justifyContent": "center",
                  }
                }
              >
                <View
                  clearBg={true}
                  iconStyle={
                    Array [
                      Object {
                        "tintColor": "rgba(119, 119, 119, 1.0)",
                      },
                    ]
                  }
                  small={true}
                  src={1}
                  style={
                    Object {
                      "backgroundColor": "transparent",
                    }
                  }
                >
                  <View
                    style={Object {}}
                  >
                    <Image
                      resizeMode="contain"
                      source={1}
                      style={
                        Array [
                          Object {
                            "height": 20,
                            "width": 20,
                          },
                          null,
                          Object {
                            "tintColor": "rgba(119, 119, 119, 1.0)",
                          },
                        ]
                      }
                    />
                  </View>
                </View>
              </View>
              <View
                style={
                  Object {
                    "flex": 1,
                    "justifyContent": "center",
                  }
                }
              >
                <View
                  style={undefined}
                >
                  <View>
                    <View
                      style={Object {}}
                    >
                      <View
                        style={Object {}}
                      >
                        <Text
                          accessible={true}
                          allowFontScaling={false}
                          ellipsizeMode="tail"
                          style={
                            Array [
                              Object {
                                "fontSize": 17,
                              },
                              Object {
                                "fontFamily": "Lato",
                              },
                              Object {
                                "backgroundColor": "#ffffff",
                                "color": "#777777",
                              },
                              Object {
                                "fontWeight": "600",
                              },
                              null,
                              null,
                              null,
                              null,
                              null,
                              null,
                              null,
                              null,
                              null,
                              null,
                              Object {
                                "marginBottom": 5,
                                "marginLeft": 10,
                              },
                              Object {
                                "color": "rgba(119, 119, 119, 1.0)",
                              },
                            ]
                          }
                        >
                          CONNECTED
                        </Text>
                      </View>
                      <View
                        style={Object {}}
                      >
                        <Text
                          accessible={true}
                          allowFontScaling={false}
                          ellipsizeMode="tail"
                          style={
                            Array [
                              Object {
                                "fontSize": 17,
                              },
                              Object {
                                "fontFamily": "Lato",
                              },
                              Object {
                                "backgroundColor": "#ffffff",
                                "color": "#777777",
                              },
                              Object {
                                "fontWeight": "600",
                              },
                              null,
                              null,
                              null,
                              null,
                              null,
                              null,
                              null,
                              null,
                              null,
                              null,
                              Object {
                                "color": "#333333",
                              },
                              Object {
                                "marginBottom": 5,
                                "marginLeft": 10,
                              },
                            ]
                          }
                        >
                          Enterprise name
                        </Text>
                      </View>
                    </View>
                  </View>
                </View>
                <View
                  style={undefined}
                >
                  <View>
                    <View
                      row={true}
                      style={
                        Object {
                          "flexDirection": "row",
                        }
                      }
                    >
                      <Text
                        accessible={true}
                        allowFontScaling={false}
                        ellipsizeMode="tail"
                        style={
                          Array [
                            Object {
                              "fontSize": 12,
                            },
                            Object {
                              "fontFamily": "Lato",
                            },
                            Object {
                              "backgroundColor": "#ffffff",
                              "color": "#777777",
                            },
                            null,
                            null,
                            null,
                            null,
                            null,
                            null,
                            null,
                            null,
                            null,
                            null,
                            null,
                            Object {
                              "marginLeft": 10,
                            },
                          ]
                        }
                      >
                        2018-01-10T04:32:43+05:30
                      </Text>
                    </View>
                  </View>
                </View>
              </View>
            </View>
          </View>
        </View>
      </View>
    </View>
  </RCTScrollView>
</View>
`;
