// Jest Snapshot v1, https://goo.gl/fbAQLP

exports[`<AuthenticationScreen /> should match snapshot 1`] = `
<View
  style={
    Object {
      "flex": 1,
    }
  }
>
  <View
    style={
      Object {
        "flex": 1,
      }
    }
  >
    <View
      fifth={true}
      style={
        Object {
          "backgroundColor": "#ffffff",
          "flex": 1,
        }
      }
    >
      <View
        accessibilityLabel="authentication-request-text-container"
        accessible={true}
        hCenter={true}
        style={
          Object {
            "flex": 1,
            "justifyContent": "center",
          }
        }
        testID="authentication-request-text-container"
        useNativeDriver={true}
      >
        <View
          accessibilityLabel="authentication-request-text-message-container"
          accessible={true}
          style={
            Object {
              "flex": 1,
              "justifyContent": "flex-end",
            }
          }
          testID="authentication-request-text-message-container"
        >
          <Animatable.View
            accessibilityLabel="authentication-request-text-container-animation"
            accessible={true}
            animation="bounceInDown"
            delay={100}
            duration={1500}
            testID="authentication-request-text-container-animation"
          >
            <View
              accessibilityLabel="authentication-request-text-container-message-title"
              accessible={true}
              center={true}
              style={
                Object {
                  "alignItems": "center",
                  "justifyContent": "center",
                }
              }
              testID="authentication-request-text-container-message-title"
            >
              <Text
                accessibilityLabel="authentication-request-text-container-title"
                accessible={true}
                allowFontScaling={false}
                ellipsizeMode="tail"
                style={
                  Array [
                    Object {
                      "fontSize": 20,
                    },
                    Object {
                      "fontFamily": "Lato",
                    },
                    Object {
                      "backgroundColor": "#ffffff",
                      "color": "#777777",
                    },
                    Object {
                      "fontWeight": "800",
                    },
                    Object {
                      "textAlign": "center",
                    },
                    null,
                    null,
                    null,
                    null,
                    null,
                    null,
                    null,
                    null,
                    null,
                    Object {
                      "lineHeight": 30,
                      "marginHorizontal": 30,
                      "marginVertical": 10,
                    },
                  ]
                }
                testID="authentication-request-text-container-title"
              >
                Hi There
              </Text>
              <Text
                accessibilityLabel="authentication-request-text-container-message"
                accessible={true}
                allowFontScaling={false}
                ellipsizeMode="tail"
                style={
                  Array [
                    Object {
                      "fontSize": 17,
                    },
                    Object {
                      "fontFamily": "Lato",
                    },
                    Object {
                      "backgroundColor": "#ffffff",
                      "color": "#777777",
                    },
                    Object {
                      "fontWeight": "bold",
                    },
                    Object {
                      "textAlign": "center",
                    },
                    null,
                    null,
                    null,
                    null,
                    null,
                    null,
                    null,
                    null,
                    null,
                    Object {
                      "margin": 10,
                    },
                  ]
                }
                testID="authentication-request-text-container-message"
              >
                Suncoast Credit Union (sandbox) wants to connect with you
              </Text>
            </View>
          </Animatable.View>
        </View>
        <View
          accessibilityLabel="authentication-request-text-container-avatars"
          accessible={true}
          style={
            Object {
              "flex": 1,
            }
          }
          testID="authentication-request-text-container-avatars"
        >
          <Animatable.View
            accessibilityLabel="invitation-text-container-avatars-animation"
            accessible={true}
            animation="bounceInUp"
            delay={300}
            duration={1500}
            testID="invitation-text-container-avatars-animation"
          >
            <View
              center={true}
              spaceBetween={true}
              style={
                Object {
                  "alignItems": "center",
                  "justifyContent": "space-between",
                }
              }
            >
              <View
                accessibilityLabel="invitation-text-avatars-container"
                accessible={true}
                row={true}
                spaceBetween={true}
                style={
                  Object {
                    "alignItems": "center",
                    "flexDirection": "row",
                    "justifyContent": "space-between",
                    "marginVertical": 40,
                  }
                }
                testID="invitation-text-avatars-container"
                vCenter={true}
              >
                <View
                  accessibilityComponentType={undefined}
                  accessibilityLabel={undefined}
                  accessibilityTraits={undefined}
                  accessible={true}
                  hitSlop={undefined}
                  nativeID={undefined}
                  onLayout={undefined}
                  onResponderGrant={[Function]}
                  onResponderMove={[Function]}
                  onResponderRelease={[Function]}
                  onResponderTerminate={[Function]}
                  onResponderTerminationRequest={[Function]}
                  onStartShouldSetResponder={[Function]}
                  pointerEvents="box-only"
                  style={undefined}
                  testID={undefined}
                >
                  <View
                    accessibilityLabel="invitation-text-avatars-invitee"
                    accessible={true}
                    imageShadow="imageShadow"
                    style={
                      Object {
                        "borderRadius": 38,
                        "elevation": 3,
                        "shadowColor": "rgba(0, 0, 0, 0.25)",
                        "shadowOffset": Object {
                          "height": 3,
                          "width": 0,
                        },
                        "shadowOpacity": 1,
                        "shadowRadius": 8,
                      }
                    }
                    testID="invitation-text-avatars-invitee"
                  >
                    <Image
                      accessibilityComponentType={undefined}
                      accessibilityLabel={undefined}
                      accessibilityTraits={undefined}
                      accessible={true}
                      hitSlop={undefined}
                      nativeID={undefined}
                      onError={undefined}
                      onLayout={undefined}
                      onLoad={undefined}
                      onResponderGrant={[Function]}
                      onResponderMove={[Function]}
                      onResponderRelease={[Function]}
                      onResponderTerminate={[Function]}
                      onResponderTerminationRequest={[Function]}
                      onStartShouldSetResponder={[Function]}
                      source={1}
                      style={
                        Array [
                          Object {
                            "height": 76,
                            "width": 76,
                          },
                          Object {
                            "borderRadius": 38,
                          },
                        ]
                      }
                      testID={undefined}
                    />
                  </View>
                </View>
                <Image
                  source={1}
                  style={
                    Object {
                      "height": 8,
                      "marginHorizontal": 5,
                      "width": 60,
                    }
                  }
                />
                <View
                  accessibilityLabel="invitation-text-avatars-inviter"
                  accessible={true}
                  imageShadow="imageShadow"
                  style={
                    Object {
                      "borderRadius": 38,
                      "elevation": 3,
                      "shadowColor": "rgba(0, 0, 0, 0.25)",
                      "shadowOffset": Object {
                        "height": 3,
                        "width": 0,
                      },
                      "shadowOpacity": 1,
                      "shadowRadius": 8,
                    }
                  }
                  testID="invitation-text-avatars-inviter"
                >
                  <Image
                    accessibilityComponentType={undefined}
                    accessibilityLabel={undefined}
                    accessibilityTraits={undefined}
                    accessible={true}
                    hitSlop={undefined}
                    nativeID={undefined}
                    onError={undefined}
                    onLayout={undefined}
                    onLoad={undefined}
                    onResponderGrant={[Function]}
                    onResponderMove={[Function]}
                    onResponderRelease={[Function]}
                    onResponderTerminate={[Function]}
                    onResponderTerminationRequest={[Function]}
                    onStartShouldSetResponder={[Function]}
                    source={1}
                    style={
                      Array [
                        Object {
                          "height": 76,
                          "width": 76,
                        },
                        Object {
                          "borderRadius": 38,
                        },
                      ]
                    }
                    testID={undefined}
                  />
                </View>
              </View>
            </View>
          </Animatable.View>
        </View>
      </View>
    </View>
    <RCTSafeAreaView
      style={
        Object {
          "backgroundColor": "rgba(119, 119, 119, 1.0)",
        }
      }
    >
      <View
        fifth={true}
        style={
          Object {
            "backgroundColor": "#ffffff",
          }
        }
      >
        <View
          style={Object {}}
        >
          <View
            customColor={
              Object {
                "backgroundColor": "rgba(119, 119, 119, 1.0)",
              }
            }
            row={true}
            style={
              Object {
                "flexDirection": "row",
              }
            }
          >
            <View
              style={
                Object {
                  "flex": 1,
                }
              }
            >
              <View
                style={Object {}}
              >
                <View
                  style={
                    Array [
                      Object {
                        "marginLeft": 15,
                        "marginRight": 15,
                      },
                      undefined,
                      Object {
                        "marginLeft": 0,
                        "marginRight": 0,
                      },
                      undefined,
                    ]
                  }
                >
                  <View
                    accessibilityComponentType={undefined}
                    accessibilityLabel="authentication-request-deny"
                    accessibilityTraits={undefined}
                    accessible={true}
                    hasTVPreferredFocus={undefined}
                    hitSlop={undefined}
                    isTVSelectable={true}
                    nativeID={undefined}
                    onLayout={undefined}
                    onResponderGrant={[Function]}
                    onResponderMove={[Function]}
                    onResponderRelease={[Function]}
                    onResponderTerminate={[Function]}
                    onResponderTerminationRequest={[Function]}
                    onStartShouldSetResponder={[Function]}
                    style={
                      Array [
                        Object {
                          "backgroundColor": "transparent",
                        },
                        undefined,
                      ]
                    }
                    testID="authentication-request-deny"
                    tvParallaxProperties={undefined}
                  >
                    <View
                      pointerEvents="box-only"
                      style={
                        Array [
                          Object {
                            "alignItems": "center",
                            "backgroundColor": "#9E9E9E",
                            "flexDirection": "row",
                            "justifyContent": "center",
                            "padding": 19,
                          },
                          undefined,
                          undefined,
                          undefined,
                          undefined,
                          undefined,
                          Object {
                            "backgroundColor": "rgba(119, 119, 119, 1.0)",
                          },
                          undefined,
                          Object {
                            "padding": 12,
                          },
                          undefined,
                          undefined,
                          undefined,
                          Array [
                            Object {
                              "paddingVertical": 17,
                            },
                          ],
                          false,
                          false,
                        ]
                      }
                    >
                      <Text
                        accessible={true}
                        allowFontScaling={true}
                        ellipsizeMode="tail"
                        style={
                          Array [
                            Object {},
                            undefined,
                            undefined,
                            undefined,
                            undefined,
                            undefined,
                            undefined,
                            undefined,
                            undefined,
                            undefined,
                            Array [
                              Object {
                                "color": "white",
                                "fontSize": 16,
                              },
                              Object {
                                "color": "#ffffff",
                              },
                              Object {
                                "fontSize": 14,
                              },
                              undefined,
                              undefined,
                              undefined,
                              undefined,
                              false,
                            ],
                          ]
                        }
                      >
                        Deny
                      </Text>
                    </View>
                  </View>
                </View>
              </View>
            </View>
            <View
              style={
                Object {
                  "flex": 1,
                }
              }
            >
              <View
                style={Object {}}
              >
                <View
                  style={
                    Array [
                      Object {
                        "marginLeft": 15,
                        "marginRight": 15,
                      },
                      undefined,
                      Object {
                        "marginLeft": 0,
                        "marginRight": 0,
                      },
                      undefined,
                    ]
                  }
                >
                  <View
                    accessibilityComponentType={undefined}
                    accessibilityLabel="authentication-request-accept"
                    accessibilityTraits={undefined}
                    accessible={true}
                    hasTVPreferredFocus={undefined}
                    hitSlop={undefined}
                    isTVSelectable={true}
                    nativeID={undefined}
                    onLayout={undefined}
                    onResponderGrant={[Function]}
                    onResponderMove={[Function]}
                    onResponderRelease={[Function]}
                    onResponderTerminate={[Function]}
                    onResponderTerminationRequest={[Function]}
                    onStartShouldSetResponder={[Function]}
                    style={
                      Array [
                        Object {
                          "backgroundColor": "transparent",
                        },
                        Array [
                          Object {
                            "borderLeftColor": "#ffffff",
                            "borderLeftWidth": 0.4,
                          },
                        ],
                      ]
                    }
                    testID="authentication-request-accept"
                    tvParallaxProperties={undefined}
                  >
                    <View
                      pointerEvents="box-only"
                      style={
                        Array [
                          Object {
                            "alignItems": "center",
                            "backgroundColor": "#9E9E9E",
                            "flexDirection": "row",
                            "justifyContent": "center",
                            "padding": 19,
                          },
                          undefined,
                          undefined,
                          undefined,
                          undefined,
                          undefined,
                          Object {
                            "backgroundColor": "rgba(119, 119, 119, 1.0)",
                          },
                          undefined,
                          Object {
                            "padding": 12,
                          },
                          undefined,
                          undefined,
                          undefined,
                          Array [
                            Object {
                              "paddingVertical": 17,
                            },
                            Object {
                              "borderLeftColor": "#ffffff",
                              "borderLeftWidth": 0.4,
                            },
                          ],
                          false,
                          false,
                        ]
                      }
                    >
                      <Text
                        accessible={true}
                        allowFontScaling={true}
                        ellipsizeMode="tail"
                        style={
                          Array [
                            Object {},
                            undefined,
                            undefined,
                            undefined,
                            undefined,
                            undefined,
                            undefined,
                            undefined,
                            undefined,
                            undefined,
                            Array [
                              Object {
                                "color": "white",
                                "fontSize": 16,
                              },
                              Object {
                                "color": "#ffffff",
                              },
                              Object {
                                "fontSize": 14,
                              },
                              undefined,
                              undefined,
                              Object {
                                "fontWeight": "bold",
                              },
                              undefined,
                              false,
                            ],
                          ]
                        }
                      >
                        Connect
                      </Text>
                    </View>
                  </View>
                </View>
              </View>
            </View>
          </View>
        </View>
      </View>
    </RCTSafeAreaView>
  </View>
  <Modal
    animationIn="zoomIn"
    animationOut="zoomOut"
    animationOutTiming={100}
    backdropColor="#ffffff"
    backdropOpacity={1}
    hideModalContentWhileAnimating={true}
    isVisible={false}
    onModalHide={[Function]}
    useNativeDriver={true}
  >
    <View
      fifth={true}
      shadow={true}
      style={
        Object {
          "backgroundColor": "#ffffff",
          "elevation": 10,
          "marginHorizontal": 10,
          "shadowColor": "rgba(0, 0, 0, 0.2)",
          "shadowOffset": Object {
            "height": 10,
            "width": 0,
          },
          "shadowOpacity": 1,
          "shadowRadius": 30,
        }
      }
    >
      <View
        style={
          Object {
            "borderBottomColor": "#3f3f3f",
            "borderBottomWidth": 0.2,
            "paddingVertical": 10,
          }
        }
      >
        <View
          accessibilityLabel="invitation-text-avatars-container"
          accessible={true}
          row={true}
          spaceBetween={true}
          style={
            Object {
              "alignItems": "center",
              "flexDirection": "row",
              "justifyContent": "space-between",
              "marginHorizontal": 10,
              "marginVertical": 10,
            }
          }
          testID="invitation-text-avatars-container"
          vCenter={true}
        >
          <View
            accessibilityComponentType={undefined}
            accessibilityLabel={undefined}
            accessibilityTraits={undefined}
            accessible={true}
            hitSlop={undefined}
            nativeID={undefined}
            onLayout={undefined}
            onResponderGrant={[Function]}
            onResponderMove={[Function]}
            onResponderRelease={[Function]}
            onResponderTerminate={[Function]}
            onResponderTerminationRequest={[Function]}
            onStartShouldSetResponder={[Function]}
            pointerEvents="box-only"
            style={undefined}
            testID={undefined}
          >
            <View
              accessibilityLabel="avatars-pair-avatars-invitee"
              accessible={true}
              imageShadow={null}
              style={
                Object {
                  "borderRadius": 38,
                }
              }
              testID="avatars-pair-avatars-invitee"
            >
              <Image
                accessibilityComponentType={undefined}
                accessibilityLabel={undefined}
                accessibilityTraits={undefined}
                accessible={true}
                hitSlop={undefined}
                nativeID={undefined}
                onError={undefined}
                onLayout={undefined}
                onLoad={undefined}
                onResponderGrant={[Function]}
                onResponderMove={[Function]}
                onResponderRelease={[Function]}
                onResponderTerminate={[Function]}
                onResponderTerminationRequest={[Function]}
                onStartShouldSetResponder={[Function]}
                source={1}
                style={
                  Array [
                    Object {
                      "height": 76,
                      "width": 76,
                    },
                    Object {
                      "borderRadius": 38,
                    },
                  ]
                }
                testID={undefined}
              />
            </View>
          </View>
          <Image
            accessibilityLabel="invitation-check-mark"
            accessible={true}
            source={1}
            style={
              Array [
                Object {
                  "height": 22,
                  "width": 30,
                },
                undefined,
              ]
            }
            testID="invitation-check-mark"
          />
          <View
            accessibilityLabel="invitation-text-avatars-inviter"
            accessible={true}
            imageShadow={null}
            style={
              Object {
                "borderRadius": 38,
              }
            }
            testID="invitation-text-avatars-inviter"
          >
            <Image
              accessibilityComponentType={undefined}
              accessibilityLabel={undefined}
              accessibilityTraits={undefined}
              accessible={true}
              hitSlop={undefined}
              nativeID={undefined}
              onError={undefined}
              onLayout={undefined}
              onLoad={undefined}
              onResponderGrant={[Function]}
              onResponderMove={[Function]}
              onResponderRelease={[Function]}
              onResponderTerminate={[Function]}
              onResponderTerminationRequest={[Function]}
              onStartShouldSetResponder={[Function]}
              source={1}
              style={
                Array [
                  Object {
                    "height": 76,
                    "width": 76,
                  },
                  Object {
                    "borderRadius": 38,
                  },
                ]
              }
              testID={undefined}
            />
          </View>
        </View>
        <Text
          accessibilityLabel="invitation-message"
          accessible={true}
          allowFontScaling={false}
          ellipsizeMode="tail"
          style={
            Array [
              Object {
                "fontSize": 17,
              },
              Object {
                "fontFamily": "Lato",
              },
              Object {
                "backgroundColor": "#ffffff",
                "color": "#777777",
              },
              Object {
                "fontWeight": "600",
              },
              Object {
                "textAlign": "center",
              },
              Object {
                "backgroundColor": "transparent",
              },
              null,
              null,
              null,
              null,
              null,
              null,
              null,
              null,
              Object {
                "marginBottom": 10,
                "marginHorizontal": 5,
                "paddingTop": 10,
              },
            ]
          }
          testID="invitation-message"
        >
          You are now connected to !
        </Text>
      </View>
      <View
        style={
          Array [
            Object {
              "marginLeft": 15,
              "marginRight": 15,
            },
            undefined,
            Object {
              "marginLeft": 0,
              "marginRight": 0,
            },
            undefined,
          ]
        }
      >
        <View
          accessibilityComponentType={undefined}
          accessibilityLabel="invitation-success-continue"
          accessibilityTraits={undefined}
          accessible={true}
          hasTVPreferredFocus={undefined}
          hitSlop={undefined}
          isTVSelectable={true}
          nativeID={undefined}
          onLayout={undefined}
          onResponderGrant={[Function]}
          onResponderMove={[Function]}
          onResponderRelease={[Function]}
          onResponderTerminate={[Function]}
          onResponderTerminationRequest={[Function]}
          onStartShouldSetResponder={[Function]}
          style={
            Array [
              Object {
                "backgroundColor": "transparent",
              },
              undefined,
            ]
          }
          testID="invitation-success-continue"
          tvParallaxProperties={undefined}
        >
          <View
            pointerEvents="box-only"
            style={
              Array [
                Object {
                  "alignItems": "center",
                  "backgroundColor": "#9E9E9E",
                  "flexDirection": "row",
                  "justifyContent": "center",
                  "padding": 19,
                },
                undefined,
                undefined,
                undefined,
                undefined,
                undefined,
                Object {
                  "backgroundColor": "#ffffff",
                },
                undefined,
                Object {
                  "padding": 12,
                },
                undefined,
                undefined,
                undefined,
                Array [
                  null,
                ],
                undefined,
                undefined,
              ]
            }
          >
            <Text
              accessible={true}
              allowFontScaling={true}
              ellipsizeMode="tail"
              style={
                Array [
                  Object {},
                  undefined,
                  undefined,
                  undefined,
                  undefined,
                  undefined,
                  undefined,
                  undefined,
                  undefined,
                  undefined,
                  Array [
                    Object {
                      "color": "white",
                      "fontSize": 16,
                    },
                    Object {
                      "color": "#4A8FE3",
                    },
                    Object {
                      "fontSize": 14,
                    },
                    undefined,
                    Object {
                      "fontWeight": "bold",
                    },
                    undefined,
                    undefined,
                    undefined,
                  ],
                ]
              }
            >
              Continue
            </Text>
          </View>
        </View>
      </View>
    </View>
  </Modal>
</View>
`;
