// Jest Snapshot v1, https://goo.gl/fbAQLP

exports[`<SplashScreen /> should match snapshot 1`] = `
<View
  center={true}
  style={
    Object {
      "alignItems": "center",
      "flex": 1,
      "justifyContent": "center",
    }
  }
>
  <View
    center={true}
    style={
      Object {
        "alignItems": "center",
        "flex": 1,
        "justifyContent": "center",
        "padding": 20,
      }
    }
  >
    <Image
      collapsable={undefined}
      source={1}
      style={
        Object {
          "height": 30,
          "tintColor": "#777777",
          "transform": Array [
            Object {
              "rotate": "0deg",
            },
          ],
          "width": 30,
        }
      }
    />
    <Text
      accessible={true}
      allowFontScaling={false}
      ellipsizeMode="tail"
      style={
        Array [
          Object {
            "fontSize": 17,
          },
          Object {
            "fontFamily": "Lato",
          },
          Object {
            "backgroundColor": "#333333",
            "color": "#ffffff",
          },
          null,
          Object {
            "textAlign": "center",
          },
          Object {
            "backgroundColor": "transparent",
          },
          null,
          null,
          null,
          null,
          null,
          null,
          null,
          null,
          Object {
            "color": "#464646",
          },
          Object {
            "fontSize": 17,
            "fontWeight": "500",
            "letterSpacing": -0.42,
            "lineHeight": 21,
            "marginTop": 20,
          },
        ]
      }
    >
      Please waitâ€¦
    </Text>
  </View>
</View>
`;
