// Jest Snapshot v1, https://goo.gl/fbAQLP

exports[`Proof Store fn:convertPreparedProofToRequestedAttributes 1`] = `
Array [
  Array [
    Object {
      "claimUuid": "claim::ea03d8ca-eeb4-4944-b7d6-5abcf4503d73",
      "cred_info": Object {
        "cred_info": Object {
          "attrs": Object {
            "Address 1": "Address 1",
          },
          "cred_def_id": "V4SGRU86Z58d6TV7PBUe6f:3:CL:24:tag1",
          "referent": "claim::ea03d8ca-eeb4-4944-b7d6-5abcf4503d73",
          "schema_id": "V4SGRU86Z58d6TV7Pf:2:slKljrSQ80tCQ40F:33089",
        },
      },
      "data": "Address 1",
      "key": "attr1_uuid",
      "label": "Address 1",
    },
  ],
  Array [
    Object {
      "claimUuid": "claim::6a0f42b4-1210-4bdb-ad53-10ed765276b5",
      "cred_info": Object {
        "cred_info": Object {
          "attrs": Object {
            "Address 2": "Address 2",
          },
          "cred_def_id": "V4SGRU86Z58d6TV7PBUe6f:3:CL:24:tag1",
          "referent": "claim::6a0f42b4-1210-4bdb-ad53-10ed765276b5",
          "schema_id": "V4SGRU86Z58d6TV7Pf:2:slKljrSQ80tCQ40F:33089",
        },
      },
      "data": "Address 2",
      "key": "attr2_uuid",
      "label": "Address 2",
    },
  ],
]
`;

exports[`Proof Store fn:convertPreparedProofToRequestedAttributes 2`] = `
Array [
  Array [
    Object {
      "claimUuid": "claim::ea03d8ca-eeb4-4944-b7d6-5abcf4503d73",
      "cred_info": Object {
        "cred_info": Object {
          "attrs": Object {
            "Address 1": "Address 1",
          },
          "cred_def_id": "V4SGRU86Z58d6TV7PBUe6f:3:CL:24:tag1",
          "referent": "claim::ea03d8ca-eeb4-4944-b7d6-5abcf4503d73",
          "schema_id": "V4SGRU86Z58d6TV7Pf:2:slKljrSQ80tCQ40F:33089",
        },
      },
      "data": "Address 1",
      "key": "attr1_uuid",
      "label": "Address 1",
    },
  ],
  Array [
    Object {
      "claimUuid": "claim::6a0f42b4-1210-4bdb-ad53-10ed765276b5",
      "cred_info": Object {
        "cred_info": Object {
          "attrs": Object {
            "Address 2": "Address 2",
          },
          "cred_def_id": "V4SGRU86Z58d6TV7PBUe6f:3:CL:24:tag1",
          "referent": "claim::6a0f42b4-1210-4bdb-ad53-10ed765276b5",
          "schema_id": "V4SGRU86Z58d6TV7Pf:2:slKljrSQ80tCQ40F:33089",
        },
      },
      "data": "Address 2",
      "key": "attr2_uuid",
      "label": "Address 2",
    },
  ],
  Array [
    Object {
      "data": undefined,
      "label": "Address 3",
    },
  ],
  Array [
    Object {
      "data": undefined,
      "label": "Address 4",
    },
  ],
  Array [
    Object {
      "data": undefined,
      "label": "Address 5",
    },
  ],
  Array [
    Object {
      "data": undefined,
      "label": "Address 6",
    },
  ],
  Array [
    Object {
      "data": undefined,
      "label": "Address 7",
    },
  ],
  Array [
    Object {
      "data": undefined,
      "label": "Address 8",
    },
  ],
  Array [
    Object {
      "data": undefined,
      "label": "Address 9",
    },
  ],
  Array [
    Object {
      "data": undefined,
      "label": "Address 10",
    },
  ],
]
`;

exports[`Proof Store fn:convertPreparedProofToRequestedAttributes 3`] = `
Array [
  Array [
    Object {
      "claimUuid": "claim::ea03d8ca-eeb4-4944-b7d6-5abcf4503d73",
      "cred_info": Object {
        "cred_info": Object {
          "attrs": Object {
            "Address 1": "Address 1",
          },
          "cred_def_id": "V4SGRU86Z58d6TV7PBUe6f:3:CL:24:tag1",
          "referent": "claim::ea03d8ca-eeb4-4944-b7d6-5abcf4503d73",
          "schema_id": "V4SGRU86Z58d6TV7Pf:2:slKljrSQ80tCQ40F:33089",
        },
      },
      "data": "Address 1",
      "key": "attr1_uuid",
      "label": "A d d r e s s    1",
    },
  ],
  Array [
    Object {
      "claimUuid": "claim::6a0f42b4-1210-4bdb-ad53-10ed765276b5",
      "cred_info": Object {
        "cred_info": Object {
          "attrs": Object {
            "Address 2": "Address 2",
          },
          "cred_def_id": "V4SGRU86Z58d6TV7PBUe6f:3:CL:24:tag1",
          "referent": "claim::6a0f42b4-1210-4bdb-ad53-10ed765276b5",
          "schema_id": "V4SGRU86Z58d6TV7Pf:2:slKljrSQ80tCQ40F:33089",
        },
      },
      "data": "Address 2",
      "key": "attr2_uuid",
      "label": "  Ad  dress 2 ",
    },
  ],
]
`;

exports[`Proof Store match snapshot while converting SelfAttestedAttributes to Indy format 1`] = `
Object {
  "attr2_uuid": "male",
}
`;

exports[`Proof Store match snapshot while converting SelfAttestedAttributes to Indy format 2`] = `
Object {
  "attr2_uuid": "male",
  "attr3_uuid": "190",
}
`;

exports[`Proof Store proof store should reset for a given proof request if PROOF_REQUEST_SHOW_START is raised 1`] = `
Object {
  "pid123": undefined,
}
`;

exports[`Proof Store should convert prepared proof to indy proof format 1`] = `
Array [
  Object {
    "attr1_uuid": Array [
      "claim::ea03d8ca-eeb4-4944-b7d6-5abcf4503d73",
      true,
    ],
    "attr2_uuid": Array [
      "claim::6a0f42b4-1210-4bdb-ad53-10ed765276b5",
      true,
    ],
  },
  Array [],
]
`;

exports[`Proof Store should find missing attributes if any missing 1`] = `
Array [
  Object {
    "attr1_uuid": Array [
      "claim::ea03d8ca-eeb4-4944-b7d6-5abcf4503d73",
      true,
    ],
    "attr3_uuid": Array [
      "claim::6a0f42b4-1210-4bdb-ad53-10ed765276b5",
      true,
    ],
  },
  Array [
    Object {
      "key": "attr2_uuid",
      "name": "address2",
    },
  ],
]
`;

exports[`Proof Store should match snapshot for proof received action 1`] = `
Object {
  "pid123": Object {
    "aggregated_proof": Object {
      "c_hash": "31",
      "c_list": Array [
        Array [
          36,
        ],
      ],
    },
    "proofs": Object {
      "claim::f760213b-e719-47fb-9669-b72c5c410e8c": Object {
        "issuer_did": "issuerDid",
        "proof": Object {
          "non_revoc_proof": null,
          "primary_proof": Object {
            "eq_proof": Object {
              "a_prime": "13",
              "e": "51",
              "m": Object {},
              "m1": "67",
              "m2": "60",
              "revealed_attrs": Object {
                "name": "11",
                "sex": "59",
              },
              "v": "13",
            },
            "ge_proofs": Array [],
          },
        },
        "schema_seq_no": 36,
      },
    },
    "requested_proof": Object {
      "predicates": Object {},
      "revealed_attrs": Object {
        "attr1_uuid": Array [
          "claim::f760213b-e719-47fb-9669-b72c5c410e8c",
          "Alex",
          "11",
        ],
        "attr2_uuid": Array [
          "claim::f760213b-e719-47fb-9669-b72c5c410e8c",
          "male",
          "59",
        ],
      },
      "self_attested_attrs": Object {},
      "unrevealed_attrs": Object {},
    },
  },
}
`;

exports[`Proof Store should reset proof store, if RESET action is raised 1`] = `Object {}`;

exports[`Proof Store store update correctly if proof fails 1`] = `
Object {
  "pid123": Object {
    "error": Object {
      "code": "TEST-CODE",
      "message": "test error message",
    },
  },
}
`;
