// Jest Snapshot v1, https://goo.gl/fbAQLP

exports[`<QRScanner /> should match snapshot 1`] = `
<View
  style={
    Object {
      "flex": 1,
    }
  }
>
  <View>
    <View
      center={true}
      style={
        Object {
          "alignItems": "center",
          "bottom": 0,
          "justifyContent": "center",
          "left": 0,
          "position": "absolute",
          "right": 0,
          "top": 0,
        }
      }
    >
      <Text
        accessible={true}
        allowFontScaling={false}
        ellipsizeMode="tail"
        style={
          Array [
            Object {
              "fontSize": 20,
            },
            Object {
              "fontFamily": "Lato",
            },
            Object {
              "backgroundColor": "#333333",
              "color": "#ffffff",
            },
            Object {
              "fontWeight": "600",
            },
            null,
            Object {
              "backgroundColor": "transparent",
            },
            null,
            null,
            null,
            null,
            null,
            null,
            null,
            null,
          ]
        }
      >
        Scan QR Code
      </Text>
      <View
        spaceBetween={true}
        style={
          Object {
            "height": 250,
            "justifyContent": "space-between",
            "marginVertical": 50,
            "width": 250,
          }
        }
        transparentBg={true}
      >
        <View
          row={true}
          spaceBetween={true}
          style={
            Object {
              "flexDirection": "row",
              "justifyContent": "space-between",
            }
          }
        >
          <View
            style={
              Object {
                "borderColor": "#ffffff",
                "borderLeftWidth": 5,
                "borderTopWidth": 5,
                "height": 70,
                "width": 70,
              }
            }
            transparentBg={true}
          />
          <View
            style={
              Object {
                "borderColor": "#ffffff",
                "borderRightWidth": 5,
                "borderTopWidth": 5,
                "height": 70,
                "width": 70,
              }
            }
            transparentBg={true}
          />
        </View>
        <View
          row={true}
          spaceBetween={true}
          style={
            Object {
              "flexDirection": "row",
              "justifyContent": "space-between",
            }
          }
        >
          <View
            style={
              Object {
                "borderBottomWidth": 5,
                "borderColor": "#ffffff",
                "borderLeftWidth": 5,
                "height": 70,
                "width": 70,
              }
            }
            transparentBg={true}
          />
          <View
            style={
              Object {
                "borderBottomWidth": 5,
                "borderColor": "#ffffff",
                "borderRightWidth": 5,
                "height": 70,
                "width": 70,
              }
            }
            transparentBg={true}
          />
        </View>
      </View>
      <View
        style={
          Object {
            "backgroundColor": "rgba(0, 0, 0, 0.2)",
            "bottom": 0,
            "left": 0,
            "position": "absolute",
            "right": 0,
            "top": 0,
            "zIndex": -1,
          }
        }
      />
      <Text
        accessible={true}
        allowFontScaling={false}
        ellipsizeMode="tail"
        style={
          Array [
            Object {
              "fontSize": 17,
            },
            Object {
              "fontFamily": "Lato",
            },
            Object {
              "backgroundColor": "#333333",
              "color": "#ffffff",
            },
            Object {
              "fontWeight": "600",
            },
            null,
            Object {
              "backgroundColor": "transparent",
            },
            null,
            null,
            null,
            null,
            null,
            null,
            null,
            null,
            Object {
              "color": "#ffffff",
            },
            Object {
              "marginVertical": 30,
            },
          ]
        }
      >
        scanning...
      </Text>
      <View
        accessibilityLabel="close-qr-scanner-container"
        accessible={true}
        center={true}
        row={true}
        style={
          Object {
            "alignItems": "center",
            "flexDirection": "row",
            "justifyContent": "center",
            "marginVertical": 20,
          }
        }
        testID="close-qr-scanner-container"
      >
        <View
          accessibilityComponentType={undefined}
          accessibilityLabel="close-qr-scanner-icon-touchable"
          accessibilityTraits={undefined}
          accessible={false}
          clearBg={true}
          hitSlop={
            Object {
              "bottom": 30,
              "left": 30,
              "right": 30,
              "top": 30,
            }
          }
          nativeID={undefined}
          onLayout={undefined}
          onResponderGrant={[Function]}
          onResponderMove={[Function]}
          onResponderRelease={[Function]}
          onResponderTerminate={[Function]}
          onResponderTerminationRequest={[Function]}
          onStartShouldSetResponder={[Function]}
          small={true}
          src={1}
          style={
            Object {
              "backgroundColor": "transparent",
            }
          }
          testID="close-qr-scanner-icon-touchable"
        >
          <View
            style={Object {}}
          >
            <Image
              accessibilityLabel="close-qr-scanner-icon"
              accessible={true}
              resizeMode="contain"
              source={1}
              style={
                Array [
                  Object {
                    "height": 20,
                    "width": 20,
                  },
                  null,
                ]
              }
              testID="close-qr-scanner-icon"
            />
          </View>
        </View>
      </View>
    </View>
  </View>
</View>
`;
